a                b               c   d     e    f          g
"first letter"   "second letter" sea delta echo "fox trot" golf
("first letter") "second letter" sea delta echo "fox trot" golf
1                "a"b"c          3   4     5    6          7    8
1                "a              "b" 4     5    6          7    8
