	{ a, b, c } # This is the first row of data
	{ d, e, f } # But the seoncd row has a different comment
	{ h, i, j } # I am the very model of a modern major general
	{ k, l, m } # I don't want my meaning to be lost or misconstrued
