x  =    3
x +=    4
x -=    5
x /=   12
x ^= 0x55
x *=    1.03
