    {"I am",                      3, 4},
    {"the very model",            3, 4},
    {"of a modern major general", 3, 4},
    {"he is",                     3, 4},
